// Jest Snapshot v1, https://goo.gl/fbAQLP

exports[`CheckboxesList should match snapshot 1`] = `
<div
  className="sc-gueYoa gXdkCB"
>
  <div
    className="sc-beqWaB dWaeJQ"
  >
    <label>
      0
    </label>
    <input
      checked={false}
      onChange={[Function]}
      type="checkbox"
    />
  </div>
  <div
    className="sc-beqWaB dWaeJQ"
  >
    <label>
      1
    </label>
    <input
      checked={false}
      onChange={[Function]}
      type="checkbox"
    />
  </div>
  <div
    className="sc-beqWaB dWaeJQ"
  >
    <label>
      2
    </label>
    <input
      checked={false}
      onChange={[Function]}
      type="checkbox"
    />
  </div>
  <div
    className="sc-beqWaB dWaeJQ"
  >
    <label>
      3
    </label>
    <input
      checked={false}
      onChange={[Function]}
      type="checkbox"
    />
  </div>
  <div
    className="sc-beqWaB dWaeJQ"
  >
    <label>
      4
    </label>
    <input
      checked={false}
      onChange={[Function]}
      type="checkbox"
    />
  </div>
  <div
    className="sc-beqWaB dWaeJQ"
  >
    <label>
      5
    </label>
    <input
      checked={false}
      onChange={[Function]}
      type="checkbox"
    />
  </div>
  <div
    className="sc-beqWaB dWaeJQ"
  >
    <label>
      6
    </label>
    <input
      checked={false}
      onChange={[Function]}
      type="checkbox"
    />
  </div>
</div>
`;
